Validated 560 accuracy and 2688 main timing rows; regenerated main figures/tables and optional ablation.
At 10 bits/key:
 bits_per_key  k     mean  ci95_half  seed_count
         10.0  1 0.095020   0.000675           8
         10.0  2 0.032963   0.000237           8
         10.0  3 0.017440   0.000247           8
         10.0  4 0.011758   0.000248           8
         10.0  5 0.009431   0.000129           8
         10.0  6 0.008422   0.000162           8
         10.0  7 0.008207   0.000160           8
         10.0  8 0.008481   0.000230           8
         10.0  9 0.009056   0.000230           8
         10.0 10 0.010176   0.000196           8
         10.0 11 0.011622   0.000137           8
         10.0 12 0.013513   0.000159           8
         10.0 13 0.015810   0.000191           8
         10.0 14 0.018863   0.000196           8
         10.0 15 0.022340   0.000306           8
         10.0 16 0.027139   0.000305           8
Exact pipeline speedups at k=7:
     n  k  negative_fraction     mean  ci95_half  seed_count
 20000  7                0.0 0.384561   0.038370           4
 20000  7                0.5 0.736506   0.082294           4
 20000  7                0.9 0.733727   0.146939           4
 20000  7                1.0 0.713326   0.021001           4
200000  7                0.0 0.385308   0.013694           4
200000  7                0.5 0.726664   0.010215           4
200000  7                0.9 0.680178   0.008666           4
200000  7                1.0 0.904896   0.439893           4
Capacity:  load     mean  ci95_half  seed_count
 0.25 0.000002   0.000003           8
 0.50 0.000193   0.000015           8
 1.00 0.008207   0.000160           8
 1.50 0.048746   0.000342           8
 2.00 0.138407   0.001061           8
 3.00 0.401823   0.001417           8
