Validated 140 accuracy and 576 main timing rows; regenerated main figures/tables and optional ablation.
At 10 bits/key:
 bits_per_key  k     mean  ci95_half  seed_count
         10.0  1 0.092675   0.032718           2
         10.0  2 0.032025   0.001588           2
         10.0  3 0.017225   0.015565           2
         10.0  4 0.011275   0.001588           2
         10.0  5 0.009200   0.014612           2
         10.0  6 0.008000   0.009530           2
         10.0  7 0.007625   0.011118           2
         10.0  8 0.008150   0.010800           2
         10.0  9 0.009000   0.006353           2
         10.0 10 0.010375   0.005400           2
         10.0 11 0.011175   0.000953           2
         10.0 12 0.014050   0.001906           2
         10.0 13 0.016850   0.005082           2
         10.0 14 0.019575   0.027001           2
         10.0 15 0.023625   0.027001           2
         10.0 16 0.027425   0.029542           2
Exact pipeline speedups at k=7:
    n  k  negative_fraction     mean  ci95_half  seed_count
 2000  7                0.0 0.401212   0.162303           2
 2000  7                0.5 0.695262   0.013528           2
 2000  7                0.9 0.666136   0.646289           2
 2000  7                1.0 0.561886   0.574718           2
20000  7                0.0 0.392962   0.065115           2
20000  7                0.5 0.737499   0.015738           2
20000  7                0.9 0.726617   0.165102           2
20000  7                1.0 0.715565   0.044278           2
Capacity:  load     mean  ci95_half  seed_count
 0.25 0.000000   0.000000           2
 0.50 0.000250   0.001271           2
 1.00 0.007625   0.011118           2
 1.50 0.049750   0.006353           2
 2.00 0.142750   0.022871           2
 3.00 0.404925   0.100061           2
